TimeQuest Timing Analyzer report for add_mm
Sat May 07 01:00:41 2016
Quartus II Version 9.1 Build 222 10/21/2009 SJ Web Edition


---------------------
; Table of Contents ;
---------------------
  1. Legal Notice
  2. TimeQuest Timing Analyzer Summary
  3. Parallel Compilation
  4. SDC File List
  5. Clocks
  6. Slow Model Fmax Summary
  7. Slow Model Setup Summary
  8. Slow Model Hold Summary
  9. Slow Model Recovery Summary
 10. Slow Model Removal Summary
 11. Slow Model Minimum Pulse Width Summary
 12. Propagation Delay
 13. Minimum Propagation Delay
 14. Fast Model Setup Summary
 15. Fast Model Hold Summary
 16. Fast Model Recovery Summary
 17. Fast Model Removal Summary
 18. Fast Model Minimum Pulse Width Summary
 19. Propagation Delay
 20. Minimum Propagation Delay
 21. Multicorner Timing Analysis Summary
 22. Progagation Delay
 23. Minimum Progagation Delay
 24. Clock Transfers
 25. Report TCCS
 26. Report RSKM
 27. Unconstrained Paths
 28. TimeQuest Timing Analyzer Messages



----------------
; Legal Notice ;
----------------
Copyright (C) 1991-2009 Altera Corporation
Your use of Altera Corporation's design tools, logic functions 
and other software and tools, and its AMPP partner logic 
functions, and any output files from any of the foregoing 
(including device programming or simulation files), and any 
associated documentation or information are expressly subject 
to the terms and conditions of the Altera Program License 
Subscription Agreement, Altera MegaCore Function License 
Agreement, or other applicable license agreement, including, 
without limitation, that your use is for the sole purpose of 
programming logic devices manufactured by Altera and sold by 
Altera or its authorized distributors.  Please refer to the 
applicable agreement for further details.



+----------------------------------------------------------------------+
; TimeQuest Timing Analyzer Summary                                    ;
+--------------------+-------------------------------------------------+
; Quartus II Version ; Version 9.1 Build 222 10/21/2009 SJ Web Edition ;
; Revision Name      ; add_mm                                          ;
; Device Family      ; Stratix II                                      ;
; Device Name        ; EP2S15F484C3                                    ;
; Timing Models      ; Final                                           ;
; Delay Model        ; Combined                                        ;
; Rise/Fall Delays   ; Unavailable                                     ;
+--------------------+-------------------------------------------------+


Parallel compilation was disabled, but you have multiple processors available. Enable parallel compilation to reduce compilation time.
+-------------------------------------+
; Parallel Compilation                ;
+----------------------------+--------+
; Processors                 ; Number ;
+----------------------------+--------+
; Number detected on machine ; 2      ;
; Maximum allowed            ; 1      ;
+----------------------------+--------+


+---------------------------------------------------+
; SDC File List                                     ;
+---------------+--------+--------------------------+
; SDC File Path ; Status ; Read at                  ;
+---------------+--------+--------------------------+
; add_mm.sdc    ; OK     ; Sat May 07 01:00:40 2016 ;
+---------------+--------+--------------------------+


----------
; Clocks ;
----------
No clocks to report.


---------------------------
; Slow Model Fmax Summary ;
---------------------------
No paths to report.


----------------------------
; Slow Model Setup Summary ;
----------------------------
No paths to report.


---------------------------
; Slow Model Hold Summary ;
---------------------------
No paths to report.


-------------------------------
; Slow Model Recovery Summary ;
-------------------------------
No paths to report.


------------------------------
; Slow Model Removal Summary ;
------------------------------
No paths to report.


------------------------------------------
; Slow Model Minimum Pulse Width Summary ;
------------------------------------------
No paths to report.


+--------------------------------------------------------------+
; Propagation Delay                                            ;
+------------+-------------+--------+--------+--------+--------+
; Input Port ; Output Port ; RR     ; RF     ; FR     ; FF     ;
+------------+-------------+--------+--------+--------+--------+
; a[0]       ; p[0]        ; 7.290  ; 7.290  ; 7.290  ; 7.290  ;
; a[0]       ; p[1]        ; 9.666  ; 9.666  ; 9.666  ; 9.666  ;
; a[0]       ; p[2]        ; 9.633  ; 9.633  ; 9.633  ; 9.633  ;
; a[0]       ; p[3]        ; 10.093 ; 10.093 ; 10.093 ; 10.093 ;
; a[0]       ; p[4]        ; 10.643 ; 10.643 ; 10.643 ; 10.643 ;
; a[0]       ; p[5]        ; 10.625 ; 10.616 ; 10.616 ; 10.625 ;
; a[1]       ; p[1]        ; 9.938  ; 9.938  ; 9.938  ; 9.938  ;
; a[1]       ; p[2]        ; 9.896  ; 9.896  ; 9.896  ; 9.896  ;
; a[1]       ; p[3]        ; 10.356 ; 10.356 ; 10.356 ; 10.356 ;
; a[1]       ; p[4]        ; 10.906 ; 10.906 ; 10.906 ; 10.906 ;
; a[1]       ; p[5]        ; 10.888 ; 10.888 ; 10.888 ; 10.888 ;
; a[2]       ; p[2]        ; 9.531  ; 9.531  ; 9.531  ; 9.531  ;
; a[2]       ; p[3]        ; 10.205 ; 10.205 ; 10.205 ; 10.205 ;
; a[2]       ; p[4]        ; 10.755 ; 10.755 ; 10.755 ; 10.755 ;
; a[2]       ; p[5]        ; 10.737 ; 10.737 ; 10.737 ; 10.737 ;
; a[3]       ; p[3]        ; 9.380  ; 9.380  ; 9.380  ; 9.380  ;
; a[3]       ; p[4]        ; 10.353 ; 10.353 ; 10.353 ; 10.353 ;
; a[3]       ; p[5]        ; 10.335 ; 10.335 ; 10.335 ; 10.335 ;
; b[0]       ; p[0]        ; 7.506  ; 7.506  ; 7.506  ; 7.506  ;
; b[0]       ; p[1]        ; 10.183 ; 10.183 ; 10.183 ; 10.183 ;
; b[0]       ; p[2]        ; 10.141 ; 10.141 ; 10.141 ; 10.141 ;
; b[0]       ; p[3]        ; 10.601 ; 10.601 ; 10.601 ; 10.601 ;
; b[0]       ; p[4]        ; 11.151 ; 11.151 ; 11.151 ; 11.151 ;
; b[0]       ; p[5]        ; 11.133 ; 11.133 ; 11.133 ; 11.133 ;
; b[1]       ; p[1]        ; 10.034 ; 10.034 ; 10.034 ; 10.034 ;
; b[1]       ; p[2]        ; 9.992  ; 9.992  ; 9.992  ; 9.992  ;
; b[1]       ; p[3]        ; 10.452 ; 10.452 ; 10.452 ; 10.452 ;
; b[1]       ; p[4]        ; 11.002 ; 11.002 ; 11.002 ; 11.002 ;
; b[1]       ; p[5]        ; 10.984 ; 10.984 ; 10.984 ; 10.984 ;
; c[0]       ; p[0]        ; 7.081  ; 7.081  ; 7.081  ; 7.081  ;
; c[0]       ; p[1]        ; 9.444  ; 9.444  ; 9.444  ; 9.444  ;
; c[0]       ; p[2]        ; 9.429  ; 9.429  ; 9.429  ; 9.429  ;
; c[0]       ; p[3]        ; 9.889  ; 9.889  ; 9.889  ; 9.889  ;
; c[0]       ; p[4]        ; 10.439 ; 10.439 ; 10.439 ; 10.439 ;
; c[0]       ; p[5]        ; 10.421 ;        ;        ; 10.421 ;
; c[1]       ; p[1]        ; 9.356  ; 9.356  ; 9.356  ; 9.356  ;
; c[1]       ; p[2]        ; 9.544  ; 9.544  ; 9.544  ; 9.544  ;
; c[1]       ; p[3]        ; 10.015 ; 10.015 ; 10.015 ; 10.015 ;
; c[1]       ; p[4]        ; 10.565 ; 10.565 ; 10.565 ; 10.565 ;
; c[1]       ; p[5]        ; 10.547 ; 10.536 ; 10.536 ; 10.547 ;
; c[2]       ; p[2]        ; 9.009  ; 9.009  ; 9.009  ; 9.009  ;
; c[2]       ; p[3]        ; 9.716  ; 9.716  ; 9.716  ; 9.716  ;
; c[2]       ; p[4]        ; 10.231 ; 10.231 ; 10.231 ; 10.231 ;
; c[2]       ; p[5]        ; 10.213 ; 10.213 ; 10.213 ; 10.213 ;
; c[3]       ; p[3]        ; 10.001 ; 10.001 ; 10.001 ; 10.001 ;
; c[3]       ; p[4]        ; 10.723 ; 10.723 ; 10.723 ; 10.723 ;
; c[3]       ; p[5]        ; 10.739 ; 10.290 ; 10.290 ; 10.739 ;
; d[0]       ; p[0]        ; 7.482  ; 7.482  ; 7.482  ; 7.482  ;
; d[0]       ; p[1]        ; 9.682  ; 9.682  ; 9.682  ; 9.682  ;
; d[0]       ; p[2]        ; 9.667  ; 9.667  ; 9.667  ; 9.667  ;
; d[0]       ; p[3]        ; 10.127 ; 10.127 ; 10.127 ; 10.127 ;
; d[0]       ; p[4]        ; 10.677 ; 10.677 ; 10.677 ; 10.677 ;
; d[0]       ; p[5]        ; 10.659 ;        ;        ; 10.659 ;
; d[1]       ; p[1]        ; 9.523  ; 9.523  ; 9.523  ; 9.523  ;
; d[1]       ; p[2]        ; 9.390  ; 9.390  ; 9.390  ; 9.390  ;
; d[1]       ; p[3]        ; 9.850  ; 9.850  ; 9.850  ; 9.850  ;
; d[1]       ; p[4]        ; 10.400 ; 10.400 ; 10.400 ; 10.400 ;
; d[1]       ; p[5]        ; 10.382 ;        ;        ; 10.382 ;
+------------+-------------+--------+--------+--------+--------+


+--------------------------------------------------------------+
; Minimum Propagation Delay                                    ;
+------------+-------------+--------+--------+--------+--------+
; Input Port ; Output Port ; RR     ; RF     ; FR     ; FF     ;
+------------+-------------+--------+--------+--------+--------+
; a[0]       ; p[0]        ; 7.290  ; 7.290  ; 7.290  ; 7.290  ;
; a[0]       ; p[1]        ; 9.648  ; 9.648  ; 9.648  ; 9.648  ;
; a[0]       ; p[2]        ; 9.183  ; 9.183  ; 9.183  ; 9.183  ;
; a[0]       ; p[3]        ; 10.073 ; 10.073 ; 10.073 ; 10.073 ;
; a[0]       ; p[4]        ; 10.623 ; 10.623 ; 10.623 ; 10.623 ;
; a[0]       ; p[5]        ; 10.605 ; 10.616 ; 10.616 ; 10.605 ;
; a[1]       ; p[1]        ; 9.938  ; 9.938  ; 9.938  ; 9.938  ;
; a[1]       ; p[2]        ; 9.039  ; 9.039  ; 9.039  ; 9.039  ;
; a[1]       ; p[3]        ; 9.702  ; 9.702  ; 9.702  ; 9.702  ;
; a[1]       ; p[4]        ; 10.008 ; 10.008 ; 10.008 ; 10.008 ;
; a[1]       ; p[5]        ; 9.990  ; 10.639 ; 10.639 ; 9.990  ;
; a[2]       ; p[2]        ; 9.531  ; 9.531  ; 9.531  ; 9.531  ;
; a[2]       ; p[3]        ; 9.596  ; 9.596  ; 9.596  ; 9.596  ;
; a[2]       ; p[4]        ; 10.043 ; 10.043 ; 10.043 ; 10.043 ;
; a[2]       ; p[5]        ; 10.059 ; 10.551 ; 10.551 ; 10.059 ;
; a[3]       ; p[3]        ; 9.380  ; 9.380  ; 9.380  ; 9.380  ;
; a[3]       ; p[4]        ; 9.138  ; 9.138  ; 9.138  ; 9.138  ;
; a[3]       ; p[5]        ; 9.153  ; 10.335 ; 10.335 ; 9.153  ;
; b[0]       ; p[0]        ; 7.506  ; 7.506  ; 7.506  ; 7.506  ;
; b[0]       ; p[1]        ; 9.998  ; 9.998  ; 9.998  ; 9.998  ;
; b[0]       ; p[2]        ; 9.484  ; 9.484  ; 9.484  ; 9.484  ;
; b[0]       ; p[3]        ; 9.595  ; 9.595  ; 9.595  ; 9.595  ;
; b[0]       ; p[4]        ; 9.901  ; 9.901  ; 9.901  ; 9.901  ;
; b[0]       ; p[5]        ; 9.883  ; 10.553 ; 10.553 ; 9.883  ;
; b[1]       ; p[1]        ; 10.034 ; 10.034 ; 10.034 ; 10.034 ;
; b[1]       ; p[2]        ; 9.143  ; 9.143  ; 9.143  ; 9.143  ;
; b[1]       ; p[3]        ; 9.579  ; 9.579  ; 9.579  ; 9.579  ;
; b[1]       ; p[4]        ; 9.336  ; 9.336  ; 9.336  ; 9.336  ;
; b[1]       ; p[5]        ; 9.352  ; 10.349 ; 10.349 ; 9.352  ;
; c[0]       ; p[0]        ; 7.081  ; 7.081  ; 7.081  ; 7.081  ;
; c[0]       ; p[1]        ; 9.444  ; 9.444  ; 9.444  ; 9.444  ;
; c[0]       ; p[2]        ; 9.429  ; 9.429  ; 9.429  ; 9.429  ;
; c[0]       ; p[3]        ; 9.889  ; 9.889  ; 9.889  ; 9.889  ;
; c[0]       ; p[4]        ; 10.439 ; 10.439 ; 10.439 ; 10.439 ;
; c[0]       ; p[5]        ; 10.421 ;        ;        ; 10.421 ;
; c[1]       ; p[1]        ; 9.356  ; 9.356  ; 9.356  ; 9.356  ;
; c[1]       ; p[2]        ; 9.125  ; 9.125  ; 9.125  ; 9.125  ;
; c[1]       ; p[3]        ; 10.004 ; 10.004 ; 10.004 ; 10.004 ;
; c[1]       ; p[4]        ; 10.554 ; 10.554 ; 10.554 ; 10.554 ;
; c[1]       ; p[5]        ; 10.536 ; 10.536 ; 10.536 ; 10.536 ;
; c[2]       ; p[2]        ; 9.009  ; 9.009  ; 9.009  ; 9.009  ;
; c[2]       ; p[3]        ; 9.681  ; 9.681  ; 9.681  ; 9.681  ;
; c[2]       ; p[4]        ; 10.022 ; 10.022 ; 10.022 ; 10.022 ;
; c[2]       ; p[5]        ; 10.004 ; 10.213 ; 10.213 ; 10.004 ;
; c[3]       ; p[3]        ; 10.001 ; 10.001 ; 10.001 ; 10.001 ;
; c[3]       ; p[4]        ; 10.308 ; 10.308 ; 10.308 ; 10.308 ;
; c[3]       ; p[5]        ; 10.290 ; 10.290 ; 10.290 ; 10.290 ;
; d[0]       ; p[0]        ; 7.482  ; 7.482  ; 7.482  ; 7.482  ;
; d[0]       ; p[1]        ; 9.682  ; 9.682  ; 9.682  ; 9.682  ;
; d[0]       ; p[2]        ; 9.667  ; 9.667  ; 9.667  ; 9.667  ;
; d[0]       ; p[3]        ; 10.127 ; 10.127 ; 10.127 ; 10.127 ;
; d[0]       ; p[4]        ; 10.677 ; 10.677 ; 10.677 ; 10.677 ;
; d[0]       ; p[5]        ; 10.659 ;        ;        ; 10.659 ;
; d[1]       ; p[1]        ; 9.523  ; 9.523  ; 9.523  ; 9.523  ;
; d[1]       ; p[2]        ; 9.390  ; 9.390  ; 9.390  ; 9.390  ;
; d[1]       ; p[3]        ; 9.850  ; 9.850  ; 9.850  ; 9.850  ;
; d[1]       ; p[4]        ; 10.400 ; 10.400 ; 10.400 ; 10.400 ;
; d[1]       ; p[5]        ; 10.382 ;        ;        ; 10.382 ;
+------------+-------------+--------+--------+--------+--------+


----------------------------
; Fast Model Setup Summary ;
----------------------------
No paths to report.


---------------------------
; Fast Model Hold Summary ;
---------------------------
No paths to report.


-------------------------------
; Fast Model Recovery Summary ;
-------------------------------
No paths to report.


------------------------------
; Fast Model Removal Summary ;
------------------------------
No paths to report.


------------------------------------------
; Fast Model Minimum Pulse Width Summary ;
------------------------------------------
No paths to report.


+----------------------------------------------------------+
; Propagation Delay                                        ;
+------------+-------------+-------+-------+-------+-------+
; Input Port ; Output Port ; RR    ; RF    ; FR    ; FF    ;
+------------+-------------+-------+-------+-------+-------+
; a[0]       ; p[0]        ; 4.254 ; 4.254 ; 4.254 ; 4.254 ;
; a[0]       ; p[1]        ; 5.504 ; 5.504 ; 5.504 ; 5.504 ;
; a[0]       ; p[2]        ; 5.520 ; 5.520 ; 5.520 ; 5.520 ;
; a[0]       ; p[3]        ; 5.755 ; 5.755 ; 5.755 ; 5.755 ;
; a[0]       ; p[4]        ; 6.036 ; 6.036 ; 6.036 ; 6.036 ;
; a[0]       ; p[5]        ; 6.044 ; 6.044 ; 6.044 ; 6.044 ;
; a[1]       ; p[1]        ; 5.655 ; 5.655 ; 5.655 ; 5.655 ;
; a[1]       ; p[2]        ; 5.673 ; 5.673 ; 5.673 ; 5.673 ;
; a[1]       ; p[3]        ; 5.908 ; 5.908 ; 5.908 ; 5.908 ;
; a[1]       ; p[4]        ; 6.189 ; 6.189 ; 6.189 ; 6.189 ;
; a[1]       ; p[5]        ; 6.197 ; 6.197 ; 6.197 ; 6.197 ;
; a[2]       ; p[2]        ; 5.466 ; 5.466 ; 5.466 ; 5.466 ;
; a[2]       ; p[3]        ; 5.802 ; 5.802 ; 5.802 ; 5.802 ;
; a[2]       ; p[4]        ; 6.083 ; 6.083 ; 6.083 ; 6.083 ;
; a[2]       ; p[5]        ; 6.091 ; 6.091 ; 6.091 ; 6.091 ;
; a[3]       ; p[3]        ; 5.351 ; 5.351 ; 5.351 ; 5.351 ;
; a[3]       ; p[4]        ; 5.846 ; 5.846 ; 5.846 ; 5.846 ;
; a[3]       ; p[5]        ; 5.854 ; 5.854 ; 5.854 ; 5.854 ;
; b[0]       ; p[0]        ; 4.425 ; 4.425 ; 4.425 ; 4.425 ;
; b[0]       ; p[1]        ; 5.825 ; 5.825 ; 5.825 ; 5.825 ;
; b[0]       ; p[2]        ; 5.843 ; 5.843 ; 5.843 ; 5.843 ;
; b[0]       ; p[3]        ; 6.078 ; 6.078 ; 6.078 ; 6.078 ;
; b[0]       ; p[4]        ; 6.359 ; 6.359 ; 6.359 ; 6.359 ;
; b[0]       ; p[5]        ; 6.367 ; 6.367 ; 6.367 ; 6.367 ;
; b[1]       ; p[1]        ; 5.679 ; 5.679 ; 5.679 ; 5.679 ;
; b[1]       ; p[2]        ; 5.697 ; 5.697 ; 5.697 ; 5.697 ;
; b[1]       ; p[3]        ; 5.932 ; 5.932 ; 5.932 ; 5.932 ;
; b[1]       ; p[4]        ; 6.213 ; 6.213 ; 6.213 ; 6.213 ;
; b[1]       ; p[5]        ; 6.221 ; 6.221 ; 6.221 ; 6.221 ;
; c[0]       ; p[0]        ; 4.149 ; 4.149 ; 4.149 ; 4.149 ;
; c[0]       ; p[1]        ; 5.400 ; 5.400 ; 5.400 ; 5.400 ;
; c[0]       ; p[2]        ; 5.416 ; 5.416 ; 5.416 ; 5.416 ;
; c[0]       ; p[3]        ; 5.651 ; 5.651 ; 5.651 ; 5.651 ;
; c[0]       ; p[4]        ; 5.932 ; 5.932 ; 5.932 ; 5.932 ;
; c[0]       ; p[5]        ; 5.940 ;       ;       ; 5.940 ;
; c[1]       ; p[1]        ; 5.354 ; 5.354 ; 5.354 ; 5.354 ;
; c[1]       ; p[2]        ; 5.458 ; 5.458 ; 5.458 ; 5.458 ;
; c[1]       ; p[3]        ; 5.705 ; 5.705 ; 5.705 ; 5.705 ;
; c[1]       ; p[4]        ; 5.986 ; 5.986 ; 5.986 ; 5.986 ;
; c[1]       ; p[5]        ; 5.994 ; 5.982 ; 5.982 ; 5.994 ;
; c[2]       ; p[2]        ; 5.163 ; 5.163 ; 5.163 ; 5.163 ;
; c[2]       ; p[3]        ; 5.502 ; 5.502 ; 5.502 ; 5.502 ;
; c[2]       ; p[4]        ; 5.778 ; 5.778 ; 5.778 ; 5.778 ;
; c[2]       ; p[5]        ; 5.786 ; 5.786 ; 5.786 ; 5.786 ;
; c[3]       ; p[3]        ; 5.858 ; 5.858 ; 5.858 ; 5.858 ;
; c[3]       ; p[4]        ; 6.243 ; 6.243 ; 6.243 ; 6.243 ;
; c[3]       ; p[5]        ; 6.256 ; 6.048 ; 6.048 ; 6.256 ;
; d[0]       ; p[0]        ; 4.348 ; 4.348 ; 4.348 ; 4.348 ;
; d[0]       ; p[1]        ; 5.524 ; 5.524 ; 5.524 ; 5.524 ;
; d[0]       ; p[2]        ; 5.540 ; 5.540 ; 5.540 ; 5.540 ;
; d[0]       ; p[3]        ; 5.775 ; 5.775 ; 5.775 ; 5.775 ;
; d[0]       ; p[4]        ; 6.056 ; 6.056 ; 6.056 ; 6.056 ;
; d[0]       ; p[5]        ; 6.064 ;       ;       ; 6.064 ;
; d[1]       ; p[1]        ; 5.408 ; 5.408 ; 5.408 ; 5.408 ;
; d[1]       ; p[2]        ; 5.363 ; 5.363 ; 5.363 ; 5.363 ;
; d[1]       ; p[3]        ; 5.598 ; 5.598 ; 5.598 ; 5.598 ;
; d[1]       ; p[4]        ; 5.879 ; 5.879 ; 5.879 ; 5.879 ;
; d[1]       ; p[5]        ; 5.887 ;       ;       ; 5.887 ;
+------------+-------------+-------+-------+-------+-------+


+----------------------------------------------------------+
; Minimum Propagation Delay                                ;
+------------+-------------+-------+-------+-------+-------+
; Input Port ; Output Port ; RR    ; RF    ; FR    ; FF    ;
+------------+-------------+-------+-------+-------+-------+
; a[0]       ; p[0]        ; 4.254 ; 4.254 ; 4.254 ; 4.254 ;
; a[0]       ; p[1]        ; 5.502 ; 5.502 ; 5.502 ; 5.502 ;
; a[0]       ; p[2]        ; 5.275 ; 5.275 ; 5.275 ; 5.275 ;
; a[0]       ; p[3]        ; 5.715 ; 5.715 ; 5.715 ; 5.715 ;
; a[0]       ; p[4]        ; 5.996 ; 5.996 ; 5.996 ; 5.996 ;
; a[0]       ; p[5]        ; 6.004 ; 6.044 ; 6.044 ; 6.004 ;
; a[1]       ; p[1]        ; 5.655 ; 5.655 ; 5.655 ; 5.655 ;
; a[1]       ; p[2]        ; 5.241 ; 5.241 ; 5.241 ; 5.241 ;
; a[1]       ; p[3]        ; 5.542 ; 5.542 ; 5.542 ; 5.542 ;
; a[1]       ; p[4]        ; 5.720 ; 5.720 ; 5.720 ; 5.720 ;
; a[1]       ; p[5]        ; 5.728 ; 6.066 ; 6.066 ; 5.728 ;
; a[2]       ; p[2]        ; 5.466 ; 5.466 ; 5.466 ; 5.466 ;
; a[2]       ; p[3]        ; 5.476 ; 5.476 ; 5.476 ; 5.476 ;
; a[2]       ; p[4]        ; 5.709 ; 5.709 ; 5.709 ; 5.709 ;
; a[2]       ; p[5]        ; 5.722 ; 5.979 ; 5.979 ; 5.722 ;
; a[3]       ; p[3]        ; 5.351 ; 5.351 ; 5.351 ; 5.351 ;
; a[3]       ; p[4]        ; 5.228 ; 5.228 ; 5.228 ; 5.228 ;
; a[3]       ; p[5]        ; 5.241 ; 5.854 ; 5.854 ; 5.241 ;
; b[0]       ; p[0]        ; 4.425 ; 4.425 ; 4.425 ; 4.425 ;
; b[0]       ; p[1]        ; 5.744 ; 5.744 ; 5.744 ; 5.744 ;
; b[0]       ; p[2]        ; 5.499 ; 5.499 ; 5.499 ; 5.499 ;
; b[0]       ; p[3]        ; 5.539 ; 5.539 ; 5.539 ; 5.539 ;
; b[0]       ; p[4]        ; 5.721 ; 5.721 ; 5.721 ; 5.721 ;
; b[0]       ; p[5]        ; 5.729 ; 6.042 ; 6.042 ; 5.729 ;
; b[1]       ; p[1]        ; 5.679 ; 5.679 ; 5.679 ; 5.679 ;
; b[1]       ; p[2]        ; 5.277 ; 5.277 ; 5.277 ; 5.277 ;
; b[1]       ; p[3]        ; 5.462 ; 5.462 ; 5.462 ; 5.462 ;
; b[1]       ; p[4]        ; 5.337 ; 5.337 ; 5.337 ; 5.337 ;
; b[1]       ; p[5]        ; 5.350 ; 5.902 ; 5.902 ; 5.350 ;
; c[0]       ; p[0]        ; 4.149 ; 4.149 ; 4.149 ; 4.149 ;
; c[0]       ; p[1]        ; 5.400 ; 5.400 ; 5.400 ; 5.400 ;
; c[0]       ; p[2]        ; 5.416 ; 5.416 ; 5.416 ; 5.416 ;
; c[0]       ; p[3]        ; 5.651 ; 5.651 ; 5.651 ; 5.651 ;
; c[0]       ; p[4]        ; 5.932 ; 5.932 ; 5.932 ; 5.932 ;
; c[0]       ; p[5]        ; 5.940 ;       ;       ; 5.940 ;
; c[1]       ; p[1]        ; 5.354 ; 5.354 ; 5.354 ; 5.354 ;
; c[1]       ; p[2]        ; 5.265 ; 5.265 ; 5.265 ; 5.265 ;
; c[1]       ; p[3]        ; 5.693 ; 5.693 ; 5.693 ; 5.693 ;
; c[1]       ; p[4]        ; 5.974 ; 5.974 ; 5.974 ; 5.974 ;
; c[1]       ; p[5]        ; 5.982 ; 5.982 ; 5.982 ; 5.982 ;
; c[2]       ; p[2]        ; 5.163 ; 5.163 ; 5.163 ; 5.163 ;
; c[2]       ; p[3]        ; 5.497 ; 5.497 ; 5.497 ; 5.497 ;
; c[2]       ; p[4]        ; 5.680 ; 5.680 ; 5.680 ; 5.680 ;
; c[2]       ; p[5]        ; 5.688 ; 5.786 ; 5.786 ; 5.688 ;
; c[3]       ; p[3]        ; 5.858 ; 5.858 ; 5.858 ; 5.858 ;
; c[3]       ; p[4]        ; 6.040 ; 6.040 ; 6.040 ; 6.040 ;
; c[3]       ; p[5]        ; 6.048 ; 6.048 ; 6.048 ; 6.048 ;
; d[0]       ; p[0]        ; 4.348 ; 4.348 ; 4.348 ; 4.348 ;
; d[0]       ; p[1]        ; 5.524 ; 5.524 ; 5.524 ; 5.524 ;
; d[0]       ; p[2]        ; 5.540 ; 5.540 ; 5.540 ; 5.540 ;
; d[0]       ; p[3]        ; 5.775 ; 5.775 ; 5.775 ; 5.775 ;
; d[0]       ; p[4]        ; 6.056 ; 6.056 ; 6.056 ; 6.056 ;
; d[0]       ; p[5]        ; 6.064 ;       ;       ; 6.064 ;
; d[1]       ; p[1]        ; 5.408 ; 5.408 ; 5.408 ; 5.408 ;
; d[1]       ; p[2]        ; 5.363 ; 5.363 ; 5.363 ; 5.363 ;
; d[1]       ; p[3]        ; 5.598 ; 5.598 ; 5.598 ; 5.598 ;
; d[1]       ; p[4]        ; 5.879 ; 5.879 ; 5.879 ; 5.879 ;
; d[1]       ; p[5]        ; 5.887 ;       ;       ; 5.887 ;
+------------+-------------+-------+-------+-------+-------+


+----------------------------------------------------------------------------+
; Multicorner Timing Analysis Summary                                        ;
+------------------+-------+------+----------+---------+---------------------+
; Clock            ; Setup ; Hold ; Recovery ; Removal ; Minimum Pulse Width ;
+------------------+-------+------+----------+---------+---------------------+
; Worst-case Slack ; N/A   ; N/A  ; N/A      ; N/A     ; N/A                 ;
; Design-wide TNS  ; 0.0   ; 0.0  ; 0.0      ; 0.0     ; 0.0                 ;
+------------------+-------+------+----------+---------+---------------------+


+--------------------------------------------------------------+
; Progagation Delay                                            ;
+------------+-------------+--------+--------+--------+--------+
; Input Port ; Output Port ; RR     ; RF     ; FR     ; FF     ;
+------------+-------------+--------+--------+--------+--------+
; a[0]       ; p[0]        ; 7.290  ; 7.290  ; 7.290  ; 7.290  ;
; a[0]       ; p[1]        ; 9.666  ; 9.666  ; 9.666  ; 9.666  ;
; a[0]       ; p[2]        ; 9.633  ; 9.633  ; 9.633  ; 9.633  ;
; a[0]       ; p[3]        ; 10.093 ; 10.093 ; 10.093 ; 10.093 ;
; a[0]       ; p[4]        ; 10.643 ; 10.643 ; 10.643 ; 10.643 ;
; a[0]       ; p[5]        ; 10.625 ; 10.616 ; 10.616 ; 10.625 ;
; a[1]       ; p[1]        ; 9.938  ; 9.938  ; 9.938  ; 9.938  ;
; a[1]       ; p[2]        ; 9.896  ; 9.896  ; 9.896  ; 9.896  ;
; a[1]       ; p[3]        ; 10.356 ; 10.356 ; 10.356 ; 10.356 ;
; a[1]       ; p[4]        ; 10.906 ; 10.906 ; 10.906 ; 10.906 ;
; a[1]       ; p[5]        ; 10.888 ; 10.888 ; 10.888 ; 10.888 ;
; a[2]       ; p[2]        ; 9.531  ; 9.531  ; 9.531  ; 9.531  ;
; a[2]       ; p[3]        ; 10.205 ; 10.205 ; 10.205 ; 10.205 ;
; a[2]       ; p[4]        ; 10.755 ; 10.755 ; 10.755 ; 10.755 ;
; a[2]       ; p[5]        ; 10.737 ; 10.737 ; 10.737 ; 10.737 ;
; a[3]       ; p[3]        ; 9.380  ; 9.380  ; 9.380  ; 9.380  ;
; a[3]       ; p[4]        ; 10.353 ; 10.353 ; 10.353 ; 10.353 ;
; a[3]       ; p[5]        ; 10.335 ; 10.335 ; 10.335 ; 10.335 ;
; b[0]       ; p[0]        ; 7.506  ; 7.506  ; 7.506  ; 7.506  ;
; b[0]       ; p[1]        ; 10.183 ; 10.183 ; 10.183 ; 10.183 ;
; b[0]       ; p[2]        ; 10.141 ; 10.141 ; 10.141 ; 10.141 ;
; b[0]       ; p[3]        ; 10.601 ; 10.601 ; 10.601 ; 10.601 ;
; b[0]       ; p[4]        ; 11.151 ; 11.151 ; 11.151 ; 11.151 ;
; b[0]       ; p[5]        ; 11.133 ; 11.133 ; 11.133 ; 11.133 ;
; b[1]       ; p[1]        ; 10.034 ; 10.034 ; 10.034 ; 10.034 ;
; b[1]       ; p[2]        ; 9.992  ; 9.992  ; 9.992  ; 9.992  ;
; b[1]       ; p[3]        ; 10.452 ; 10.452 ; 10.452 ; 10.452 ;
; b[1]       ; p[4]        ; 11.002 ; 11.002 ; 11.002 ; 11.002 ;
; b[1]       ; p[5]        ; 10.984 ; 10.984 ; 10.984 ; 10.984 ;
; c[0]       ; p[0]        ; 7.081  ; 7.081  ; 7.081  ; 7.081  ;
; c[0]       ; p[1]        ; 9.444  ; 9.444  ; 9.444  ; 9.444  ;
; c[0]       ; p[2]        ; 9.429  ; 9.429  ; 9.429  ; 9.429  ;
; c[0]       ; p[3]        ; 9.889  ; 9.889  ; 9.889  ; 9.889  ;
; c[0]       ; p[4]        ; 10.439 ; 10.439 ; 10.439 ; 10.439 ;
; c[0]       ; p[5]        ; 10.421 ;        ;        ; 10.421 ;
; c[1]       ; p[1]        ; 9.356  ; 9.356  ; 9.356  ; 9.356  ;
; c[1]       ; p[2]        ; 9.544  ; 9.544  ; 9.544  ; 9.544  ;
; c[1]       ; p[3]        ; 10.015 ; 10.015 ; 10.015 ; 10.015 ;
; c[1]       ; p[4]        ; 10.565 ; 10.565 ; 10.565 ; 10.565 ;
; c[1]       ; p[5]        ; 10.547 ; 10.536 ; 10.536 ; 10.547 ;
; c[2]       ; p[2]        ; 9.009  ; 9.009  ; 9.009  ; 9.009  ;
; c[2]       ; p[3]        ; 9.716  ; 9.716  ; 9.716  ; 9.716  ;
; c[2]       ; p[4]        ; 10.231 ; 10.231 ; 10.231 ; 10.231 ;
; c[2]       ; p[5]        ; 10.213 ; 10.213 ; 10.213 ; 10.213 ;
; c[3]       ; p[3]        ; 10.001 ; 10.001 ; 10.001 ; 10.001 ;
; c[3]       ; p[4]        ; 10.723 ; 10.723 ; 10.723 ; 10.723 ;
; c[3]       ; p[5]        ; 10.739 ; 10.290 ; 10.290 ; 10.739 ;
; d[0]       ; p[0]        ; 7.482  ; 7.482  ; 7.482  ; 7.482  ;
; d[0]       ; p[1]        ; 9.682  ; 9.682  ; 9.682  ; 9.682  ;
; d[0]       ; p[2]        ; 9.667  ; 9.667  ; 9.667  ; 9.667  ;
; d[0]       ; p[3]        ; 10.127 ; 10.127 ; 10.127 ; 10.127 ;
; d[0]       ; p[4]        ; 10.677 ; 10.677 ; 10.677 ; 10.677 ;
; d[0]       ; p[5]        ; 10.659 ;        ;        ; 10.659 ;
; d[1]       ; p[1]        ; 9.523  ; 9.523  ; 9.523  ; 9.523  ;
; d[1]       ; p[2]        ; 9.390  ; 9.390  ; 9.390  ; 9.390  ;
; d[1]       ; p[3]        ; 9.850  ; 9.850  ; 9.850  ; 9.850  ;
; d[1]       ; p[4]        ; 10.400 ; 10.400 ; 10.400 ; 10.400 ;
; d[1]       ; p[5]        ; 10.382 ;        ;        ; 10.382 ;
+------------+-------------+--------+--------+--------+--------+


+----------------------------------------------------------+
; Minimum Progagation Delay                                ;
+------------+-------------+-------+-------+-------+-------+
; Input Port ; Output Port ; RR    ; RF    ; FR    ; FF    ;
+------------+-------------+-------+-------+-------+-------+
; a[0]       ; p[0]        ; 4.254 ; 4.254 ; 4.254 ; 4.254 ;
; a[0]       ; p[1]        ; 5.502 ; 5.502 ; 5.502 ; 5.502 ;
; a[0]       ; p[2]        ; 5.275 ; 5.275 ; 5.275 ; 5.275 ;
; a[0]       ; p[3]        ; 5.715 ; 5.715 ; 5.715 ; 5.715 ;
; a[0]       ; p[4]        ; 5.996 ; 5.996 ; 5.996 ; 5.996 ;
; a[0]       ; p[5]        ; 6.004 ; 6.044 ; 6.044 ; 6.004 ;
; a[1]       ; p[1]        ; 5.655 ; 5.655 ; 5.655 ; 5.655 ;
; a[1]       ; p[2]        ; 5.241 ; 5.241 ; 5.241 ; 5.241 ;
; a[1]       ; p[3]        ; 5.542 ; 5.542 ; 5.542 ; 5.542 ;
; a[1]       ; p[4]        ; 5.720 ; 5.720 ; 5.720 ; 5.720 ;
; a[1]       ; p[5]        ; 5.728 ; 6.066 ; 6.066 ; 5.728 ;
; a[2]       ; p[2]        ; 5.466 ; 5.466 ; 5.466 ; 5.466 ;
; a[2]       ; p[3]        ; 5.476 ; 5.476 ; 5.476 ; 5.476 ;
; a[2]       ; p[4]        ; 5.709 ; 5.709 ; 5.709 ; 5.709 ;
; a[2]       ; p[5]        ; 5.722 ; 5.979 ; 5.979 ; 5.722 ;
; a[3]       ; p[3]        ; 5.351 ; 5.351 ; 5.351 ; 5.351 ;
; a[3]       ; p[4]        ; 5.228 ; 5.228 ; 5.228 ; 5.228 ;
; a[3]       ; p[5]        ; 5.241 ; 5.854 ; 5.854 ; 5.241 ;
; b[0]       ; p[0]        ; 4.425 ; 4.425 ; 4.425 ; 4.425 ;
; b[0]       ; p[1]        ; 5.744 ; 5.744 ; 5.744 ; 5.744 ;
; b[0]       ; p[2]        ; 5.499 ; 5.499 ; 5.499 ; 5.499 ;
; b[0]       ; p[3]        ; 5.539 ; 5.539 ; 5.539 ; 5.539 ;
; b[0]       ; p[4]        ; 5.721 ; 5.721 ; 5.721 ; 5.721 ;
; b[0]       ; p[5]        ; 5.729 ; 6.042 ; 6.042 ; 5.729 ;
; b[1]       ; p[1]        ; 5.679 ; 5.679 ; 5.679 ; 5.679 ;
; b[1]       ; p[2]        ; 5.277 ; 5.277 ; 5.277 ; 5.277 ;
; b[1]       ; p[3]        ; 5.462 ; 5.462 ; 5.462 ; 5.462 ;
; b[1]       ; p[4]        ; 5.337 ; 5.337 ; 5.337 ; 5.337 ;
; b[1]       ; p[5]        ; 5.350 ; 5.902 ; 5.902 ; 5.350 ;
; c[0]       ; p[0]        ; 4.149 ; 4.149 ; 4.149 ; 4.149 ;
; c[0]       ; p[1]        ; 5.400 ; 5.400 ; 5.400 ; 5.400 ;
; c[0]       ; p[2]        ; 5.416 ; 5.416 ; 5.416 ; 5.416 ;
; c[0]       ; p[3]        ; 5.651 ; 5.651 ; 5.651 ; 5.651 ;
; c[0]       ; p[4]        ; 5.932 ; 5.932 ; 5.932 ; 5.932 ;
; c[0]       ; p[5]        ; 5.940 ;       ;       ; 5.940 ;
; c[1]       ; p[1]        ; 5.354 ; 5.354 ; 5.354 ; 5.354 ;
; c[1]       ; p[2]        ; 5.265 ; 5.265 ; 5.265 ; 5.265 ;
; c[1]       ; p[3]        ; 5.693 ; 5.693 ; 5.693 ; 5.693 ;
; c[1]       ; p[4]        ; 5.974 ; 5.974 ; 5.974 ; 5.974 ;
; c[1]       ; p[5]        ; 5.982 ; 5.982 ; 5.982 ; 5.982 ;
; c[2]       ; p[2]        ; 5.163 ; 5.163 ; 5.163 ; 5.163 ;
; c[2]       ; p[3]        ; 5.497 ; 5.497 ; 5.497 ; 5.497 ;
; c[2]       ; p[4]        ; 5.680 ; 5.680 ; 5.680 ; 5.680 ;
; c[2]       ; p[5]        ; 5.688 ; 5.786 ; 5.786 ; 5.688 ;
; c[3]       ; p[3]        ; 5.858 ; 5.858 ; 5.858 ; 5.858 ;
; c[3]       ; p[4]        ; 6.040 ; 6.040 ; 6.040 ; 6.040 ;
; c[3]       ; p[5]        ; 6.048 ; 6.048 ; 6.048 ; 6.048 ;
; d[0]       ; p[0]        ; 4.348 ; 4.348 ; 4.348 ; 4.348 ;
; d[0]       ; p[1]        ; 5.524 ; 5.524 ; 5.524 ; 5.524 ;
; d[0]       ; p[2]        ; 5.540 ; 5.540 ; 5.540 ; 5.540 ;
; d[0]       ; p[3]        ; 5.775 ; 5.775 ; 5.775 ; 5.775 ;
; d[0]       ; p[4]        ; 6.056 ; 6.056 ; 6.056 ; 6.056 ;
; d[0]       ; p[5]        ; 6.064 ;       ;       ; 6.064 ;
; d[1]       ; p[1]        ; 5.408 ; 5.408 ; 5.408 ; 5.408 ;
; d[1]       ; p[2]        ; 5.363 ; 5.363 ; 5.363 ; 5.363 ;
; d[1]       ; p[3]        ; 5.598 ; 5.598 ; 5.598 ; 5.598 ;
; d[1]       ; p[4]        ; 5.879 ; 5.879 ; 5.879 ; 5.879 ;
; d[1]       ; p[5]        ; 5.887 ;       ;       ; 5.887 ;
+------------+-------------+-------+-------+-------+-------+


-------------------
; Clock Transfers ;
-------------------
Nothing to report.


---------------
; Report TCCS ;
---------------
No dedicated SERDES Transmitter circuitry present in device or used in design


---------------
; Report RSKM ;
---------------
No dedicated SERDES Receiver circuitry present in device or used in design


+------------------------------------------------+
; Unconstrained Paths                            ;
+---------------------------------+-------+------+
; Property                        ; Setup ; Hold ;
+---------------------------------+-------+------+
; Illegal Clocks                  ; 0     ; 0    ;
; Unconstrained Clocks            ; 0     ; 0    ;
; Unconstrained Input Ports       ; 12    ; 12   ;
; Unconstrained Input Port Paths  ; 58    ; 58   ;
; Unconstrained Output Ports      ; 6     ; 6    ;
; Unconstrained Output Port Paths ; 58    ; 58   ;
+---------------------------------+-------+------+


+------------------------------------+
; TimeQuest Timing Analyzer Messages ;
+------------------------------------+
Info: *******************************************************************
Info: Running Quartus II TimeQuest Timing Analyzer
    Info: Version 9.1 Build 222 10/21/2009 SJ Web Edition
    Info: Processing started: Sat May 07 01:00:39 2016
Info: Command: quartus_sta add_mm -c add_mm
Info: qsta_default_script.tcl version: #2
Info: Reading SDC File: 'add_mm.sdc'
Info: No user constrained base clocks found in the design. Calling "derive_clocks -period 1.0"
Info: The command derive_clocks did not find any clocks to derive.  No clocks were created or changed.
Warning: No clocks defined in design.
Info: No clocks to report
Info: Analyzing Slow Model
Info: No fmax paths to report
Info: No Setup paths to report
Info: No Hold paths to report
Info: No Recovery paths to report
Info: No Removal paths to report
Info: No Minimum Pulse Width paths to report
Info: The selected device family is not supported by the report_metastability command.
Info: Analyzing Fast Model
Info: Started post-fitting delay annotation
Warning: Found 6 output pins without output pin load capacitance assignment
    Info: Pin "p[0]" has no specified output pin load capacitance -- assuming default load capacitance of 0 pF for timing analysis
    Info: Pin "p[1]" has no specified output pin load capacitance -- assuming default load capacitance of 0 pF for timing analysis
    Info: Pin "p[2]" has no specified output pin load capacitance -- assuming default load capacitance of 0 pF for timing analysis
    Info: Pin "p[3]" has no specified output pin load capacitance -- assuming default load capacitance of 0 pF for timing analysis
    Info: Pin "p[4]" has no specified output pin load capacitance -- assuming default load capacitance of 0 pF for timing analysis
    Info: Pin "p[5]" has no specified output pin load capacitance -- assuming default load capacitance of 0 pF for timing analysis
Info: Delay annotation completed successfully
Info: No user constrained base clocks found in the design. Calling "derive_clocks -period 1.0"
Info: The command derive_clocks did not find any clocks to derive.  No clocks were created or changed.
Warning: No clocks defined in design.
Info: No Setup paths to report
Info: No Hold paths to report
Info: No Recovery paths to report
Info: No Removal paths to report
Info: No Minimum Pulse Width paths to report
Info: The selected device family is not supported by the report_metastability command.
Info: Design is not fully constrained for setup requirements
Info: Design is not fully constrained for hold requirements
Info: Quartus II TimeQuest Timing Analyzer was successful. 0 errors, 3 warnings
    Info: Peak virtual memory: 211 megabytes
    Info: Processing ended: Sat May 07 01:00:41 2016
    Info: Elapsed time: 00:00:02
    Info: Total CPU time (on all processors): 00:00:01


